// Jest Snapshot v1, https://goo.gl/fbAQLP

exports[`deserialize link 1`] = `
Object {
  "children": Array [
    Object {
      "text": "Personal website",
    },
  ],
  "type": "link",
  "url": "https://jackhanford.com",
}
`;
