// Jest Snapshot v1, https://goo.gl/fbAQLP

exports[`Serialize a single paragraph 1`] = `
"Paragraph 1
"
`;

exports[`Serialize paragraphs with inline breaks results in spaces  1`] = `
"Paragraph 1
line 1.2

Paragraph 2
line 2.2

Paragraph 3
line 3.2
"
`;
